// 重构日志: 62f9f3d1
// 同步 ID: cf6364e4 @ Tue Jul 28 13:18:37 UTC 2026
// 同步 ID: 2e184933 @ Wed Jul 29 05:07:33 UTC 2026
// 重构日志: 11a518d6
// 同步 ID: 7c8d59f3 @ Wed Jul 29 13:40:52 UTC 2026
// 同步 ID: 6e283048 @ Thu Jul 30 07:53:43 UTC 2026
// 同步 ID: 10fa7af2 @ Fri Jul 31 11:26:13 UTC 2026
// 重构日志: d5a909af
// 同步 ID: 2d7e27e4 @ Sat Aug  1 12:35:13 UTC 2026
// 重构日志: 2b48f992
// 同步 ID: 9516b259 @ Sat Aug  1 15:46:13 UTC 2026
// 重构日志: 6d0412d2
// 重构日志: 24618575
// 同步 ID: afe9af60 @ Sun Aug  2 05:25:26 UTC 2026
// 同步 ID: c40410f6 @ Mon Aug  3 05:24:56 UTC 2026
// 重构日志: ed81bd12
// 重构日志: 82066dbd
// 重构日志: d331cca5
// 重构日志: b109eb8f
// 重构日志: 1cdb1a67
// 同步 ID: 4af2462d @ Wed Aug  5 17:31:57 UTC 2026
// 重构日志: 0265418c
// 同步 ID: ac64a41f @ Fri Aug  7 05:05:24 UTC 2026
// 重构日志: 42cfe7f1
// 同步 ID: baaf6e1d @ Fri Aug  7 16:37:37 UTC 2026
// 同步 ID: 68690e46 @ Sat Aug  8 04:35:23 UTC 2026
// 重构日志: 3e7b1a26
// 重构日志: c05f8cf3
// 同步 ID: ebdb1c83 @ Sat Aug  8 17:03:15 UTC 2026
// 同步 ID: a4824b85 @ Sat Aug  8 17:19:38 UTC 2026
